
> link-to-the-flask-frontend@1.0.0 test
> jest

node.exe : FAIL tests/js/combat-system.test.js
At line:1 char:1
+ & "C:\Program Files\nodejs/node.exe" "C:\Program Files\nodejs/node_mo ...
+ ~~~~~~~~~~~~~~~~~~~~~~~~~~~~~~~~~~~~~~~~~~~~~~~~~~~~~~~~~~~~~~~~~~~~~
    + CategoryInfo          : NotSpecified: (FAIL tests/js/combat-system.test. 
   js:String) [], RemoteException
    + FullyQualifiedErrorId : NativeCommandError
 
  Combat System Logic
    Combat timeline initialization
      ΓêÜ should create valid combat timeline with unique ID (2 ms)
      ΓêÜ should align network combat timeline from server payload (1 ms)
      ├ù should reject invalid timeline payload (2 ms)
    Combat actor management
      ΓêÜ should track combat actors with unique IDs
      ΓêÜ should find combat actor by ID (1 ms)
      ΓêÜ should return null for non-existent actor (1 ms)
      ΓêÜ should get actor label for display
    Combat state management
      ΓêÜ should track whether combat is active (1 ms)
      ΓêÜ should initialize controlled actor as null
    Turn and action management
      ΓêÜ should track action usage per turn (1 ms)
      ΓêÜ should validate action availability
    Combat message system
      ΓêÜ should track message priority levels (1 ms)
      ΓêÜ should determine if message should show based on priority
    Hit stop and timing
      ΓêÜ should initialize hit stop as zero
      ΓêÜ should set hit stop duration
      ΓêÜ should check if currently in hit stop
    Turn end state machine
      ΓêÜ should initialize turn end state (1 ms)
      ΓêÜ should set turn end required flag
      ΓêÜ should clear watchdog timer on turn end
      ΓêÜ should not hang if watchdog times out (bug fix test) (2 ms)
    Combat presentation timing
      ΓêÜ should define melee timeline durations
      ΓêÜ should enforce minimum presentation time
    Combat targeted action selection
      ΓêÜ should select and track targeted action
      ΓêÜ should clear action selection

  ΓùÅ Combat System Logic ΓÇ║ Combat timeline initialization ΓÇ║ should reject 
invalid timeline payload

    expect(received).toBe(expected) // Object.is equality

    Expected: false
    Received: null

    [0m [90m 75 |[39m           
[33mNumber[39m[33m.[39misFinite(payload[33m.[39mstartTimeMs)[33m;[39m
     [90m 76 |[39m         
    [31m[1m>[22m[39m[90m 77 |[39m         
expect(isValid)[33m.[39mtoBe([36mfalse[39m)[33m;[39m
     [90m    |[39m                         [31m[1m^[22m[39m
     [90m 78 |[39m       })[33m;[39m
     [90m 79 |[39m     })[33m;[39m
     [90m 80 |[39m   })[33m;[39m[0m

      at toBe (tests/js/combat-system.test.js:77:25)
          at Array.forEach (<anonymous>)
      at Object.forEach (tests/js/combat-system.test.js:70:23)

PASS tests/js/networking.test.js
  Socket.IO Networking
    Socket connection lifecycle
      ΓêÜ socket should initialize with valid ID (1 ms)
      ΓêÜ socket should track connected state (1 ms)
      ΓêÜ socket should emit events
    Event listener management
      ΓêÜ should register listeners
      ΓêÜ should support multiple listeners for same event
      ΓêÜ should remove listeners (1 ms)
      ΓêÜ should not break when removing non-existent listener
    Combat action network flow
      ΓêÜ should emit combat-action-record with correct structure (1 ms)
      ΓêÜ should handle rapid successive actions without deduplication errors 
(1 ms)
      ΓêÜ should emit dice-roll-event for shared rolls
    Combat state synchronization
      ΓêÜ should broadcast combat-start event (1 ms)
      ΓêÜ should broadcast combat-end event
      ΓêÜ should handle combat-start-request approval flow (1 ms)
    Network timeline alignment
      ΓêÜ should align combat timeline with server timestamp
      ΓêÜ should handle network event queueing with performance times (1 ms)
    Session storage and resume
      ΓêÜ should use sessionStorage for resume keys, not localStorage
      ΓêÜ should prevent localStorage from causing session hijacking (1 ms)
    Error handling and resilience
      ΓêÜ should handle null emit gracefully
      ΓêÜ should handle socket emit with missing payload (1 ms)
      ΓêÜ should track disconnect counter
    Combat action record structure
      ΓêÜ should include all required fields in action record (1 ms)
    Deduplication and rate limiting
      ΓêÜ should track action IDs for deduplication
      ΓêÜ should reset deduplication state (simulating test fixture cleanup) 
(1 ms)

PASS tests/js/console-commands.test.js
  Console Commands
    Command registration
      ΓêÜ should register a console command (1 ms)
      ΓêÜ should normalize command names to lowercase (1 ms)
      ΓêÜ should reject invalid command registration (6 ms)
    Command availability
      ΓêÜ should list available commands
      ΓêÜ should filter commands by mode (1 ms)
    Command execution
      ΓêÜ should execute command with arguments
      ΓêÜ should pass context to command execution (1 ms)
    Command parsing
      ΓêÜ should tokenize console input
      ΓêÜ should handle quoted strings (1 ms)
    Command suggestions
      ΓêÜ should match command prefixes
      ΓêÜ should cycle through suggestions (1 ms)
    Command history
      ΓêÜ should store command history
      ΓêÜ should navigate command history
      ΓêÜ should limit history size to prevent memory issues
    Console state
      ΓêÜ should track console open state
      ΓêÜ should store console state separately from game state (1 ms)
    Mode access control
      ΓêÜ should enforce command mode restrictions

PASS tests/js/ui-state.test.js
  UI State Management
    DM UI zone visibility
      ΓêÜ should track zone collapse state (1 ms)
      ΓêÜ should toggle zone visibility (1 ms)
      ΓêÜ should apply visual transforms based on zone state
      ΓêÜ should apply opacity transitions
    Camera controls
      ΓêÜ should track camera mode
      ΓêÜ should apply camera smoothing factors
      ΓêÜ should calculate camera focus offsets (1 ms)
    Loading overlay state
      ΓêÜ should track loading progress
      ΓêÜ should clamp progress between 0 and 1 (1 ms)
      ΓêÜ should track loading overlay state
      ΓêÜ should enforce minimum loading display time
    Selection and targeting
      ΓêÜ should track selected combat target (1 ms)
      ΓêÜ should clear previous selection before selecting new target
      ΓêÜ should track selected object in editor mode
    Overlay visibility
      ΓêÜ should track mode overlay visibility (1 ms)
      ΓêÜ should show/hide UI elements by element ID
    Floating text system
      ΓêÜ should show floating text with color and position
    HUD and status displays
      ΓêÜ should update player health display (1 ms)
      ΓêÜ should display actor labels
    Console UI management
      ΓêÜ should initialize console UI manager (1 ms)
      ΓêÜ should toggle console visibility
    DM control panel state
      ΓêÜ should track DM command button references
      ΓêÜ should enable/disable DM buttons based on authority (1 ms)

PASS tests/js/mode-management.test.js
  Mode Management
    Mode initialization
      ΓêÜ should have valid mode values (1 ms)
      ΓêÜ should initialize mode manager with player mode (1 ms)
    Mode transitions
      ΓêÜ should change mode and notify listeners
      ΓêÜ should support multiple mode change listeners (1 ms)
      ΓêÜ should not notify listener if mode unchanged
      ΓêÜ should unsubscribe from mode changes
      ΓêÜ should handle rapid mode changes (1 ms)
    Camera mode management
      ΓêÜ should have valid camera modes
      ΓêÜ should initialize camera in director mode
      ΓêÜ should switch between camera modes (1 ms)
      ΓêÜ should track follow entity when in FOLLOW mode
    Movement state
      ΓêÜ should track free movement input state (1 ms)
      ΓêÜ should calculate movement vector
      ΓêÜ should normalize movement vector when multiple inputs (5 ms)
    Possession and control
      ΓêÜ should initialize with no controlled actor
      ΓêÜ should track possession target
      ΓêÜ should clear possession
    DM authority layer state
      ΓêÜ should track DM authority layer
      ΓêÜ should sync authority layer from network state
    Simulation authority state
      ΓêÜ should track simulation authority (1 ms)
      ΓêÜ should only be local-dm in specific conditions
    Mode permission checking
      ΓêÜ should check mode permission correctly

PASS tests/js/dm-authority.test.js
  DM Authority and Permissions
    Mode permissions
      ΓêÜ DEV mode should have all permissions (1 ms)
      ΓêÜ DM mode should not have tool/debug permissions
      ΓêÜ PLAYER mode should only have player input permissions (1 ms)
    DM command capability mapping
      ΓêÜ Commands should map to correct capability keys
      ΓêÜ All timeline commands should map to controlTimeline (1 ms)
    Authority layer capabilities
      ΓêÜ Observer should have read-only access
      ΓêÜ Puppeteer should allow control but not stat override (1 ms)
      ΓêÜ Simulator should have full control
    Local simulation authority
      ΓêÜ Server authority should be the default
      ΓêÜ Authority should only be LOCAL_DM when explicitly set in DM mode (1 
ms)
    Bypass gates
      ΓêÜ Standard gate should be enforced
      ΓêÜ Bypass flag should allow all commands

Test Suites: 1 failed, 5 passed, 6 total
Tests:       1 failed, 120 passed, 121 total
Snapshots:   0 total
Time:        1.14 s
Ran all test suites.
